


                          TERREL OUTPUT SUMMARY
                 VERSION:  3.684        LEVEL:  070327  



 Internal Coordinate Transformations by  ---  COORDLIB   Version: 1.98   Level: 060911    




 ERROR IN SUBR. READIN -- Error in input data -- 
 Variable not found in variable dictionary
 Variable: USGS90      
 Variable Dictionary: DUSGS90      DUSGS30      DARM3        D3CD         DDMDF        DGTOPO30     DUSGSLA      DNZGEN       DGEN        
                      DSRTM1       DSRTM3       DWVS         DWDBII                                                                       
                                                                                                                                          
                                                                                                                                          
                                                                                                                                          
                                                                                                                                          
                                                                                                   
